
Allocating common symbols
Common symbol       size              file

Int_callback_table  0x84              build/interrupt.o
IntAbnormal_name    0x84              build/interrupt.o

Discarded input sections

 .note.GNU-stack
                0x0000000000000000        0x0 build/main.o
 .note.GNU-stack
                0x0000000000000000        0x0 build/init.o
 .note.GNU-stack
                0x0000000000000000        0x0 build/string.o
 .note.GNU-stack
                0x0000000000000000        0x0 build/debug.o
 .note.GNU-stack
                0x0000000000000000        0x0 build/interrupt.o

Memory Configuration

Name             Origin             Length             Attributes
*default*        0x0000000000000000 0xffffffffffffffff

Linker script and memory map

Address of section .text set to 0xc0001500
LOAD build/main.o
LOAD build/init.o
LOAD build/string.o
LOAD build/debug.o
LOAD build/interrupt.o
LOAD build/s_interrupt.o
LOAD build/print.o
                [!provide]                        PROVIDE (__executable_start = SEGMENT_START ("text-segment", 0x8048000))
                0x0000000008048094                . = (SEGMENT_START ("text-segment", 0x8048000) + SIZEOF_HEADERS)

.interp
 *(.interp)

.note.gnu.build-id
 *(.note.gnu.build-id)

.hash
 *(.hash)

.gnu.hash
 *(.gnu.hash)

.dynsym
 *(.dynsym)

.dynstr
 *(.dynstr)

.gnu.version
 *(.gnu.version)

.gnu.version_d
 *(.gnu.version_d)

.gnu.version_r
 *(.gnu.version_r)

.rel.dyn        0x0000000008048094        0x0
 *(.rel.init)
 *(.rel.text .rel.text.* .rel.gnu.linkonce.t.*)
 .rel.text      0x0000000008048094        0x0 build/main.o
 *(.rel.fini)
 *(.rel.rodata .rel.rodata.* .rel.gnu.linkonce.r.*)
 *(.rel.data.rel.ro .rel.data.rel.ro.* .rel.gnu.linkonce.d.rel.ro.*)
 *(.rel.data .rel.data.* .rel.gnu.linkonce.d.*)
 *(.rel.tdata .rel.tdata.* .rel.gnu.linkonce.td.*)
 *(.rel.tbss .rel.tbss.* .rel.gnu.linkonce.tb.*)
 *(.rel.ctors)
 *(.rel.dtors)
 *(.rel.got)
 .rel.got       0x0000000008048094        0x0 build/main.o
 *(.rel.bss .rel.bss.* .rel.gnu.linkonce.b.*)
 *(.rel.ifunc)

.rel.plt        0x0000000008048094        0x0
 *(.rel.plt)
                [!provide]                        PROVIDE (__rel_iplt_start = .)
 *(.rel.iplt)
 .rel.iplt      0x0000000008048094        0x0 build/main.o
                [!provide]                        PROVIDE (__rel_iplt_end = .)

.init
 *(SORT_NONE(.init))

.plt            0x0000000008048098        0x0
 *(.plt)
 *(.iplt)
 .iplt          0x0000000008048098        0x0 build/main.o

.plt.got
 *(.plt.got)

.plt.sec
 *(.plt.sec)

.text           0x00000000c0001500      0xf08
 *(.text.unlikely .text.*_unlikely .text.unlikely.*)
 *(.text.exit .text.exit.*)
 *(.text.startup .text.startup.*)
 *(.text.hot .text.hot.*)
 *(.text .stub .text.* .gnu.linkonce.t.*)
 .text          0x00000000c0001500       0x21 build/main.o
                0x00000000c0001500                main
 .text          0x00000000c0001521       0x19 build/init.o
                0x00000000c0001521                init_dev
 .text          0x00000000c000153a      0x44b build/string.o
                0x00000000c000153a                memset
                0x00000000c0001591                memcpy
                0x00000000c00015f9                memcmp
                0x00000000c0001689                strcpy
                0x00000000c00016e9                strlen
                0x00000000c0001739                strcmp
                0x00000000c00017c3                strchr
                0x00000000c000182f                strrchr
                0x00000000c000189e                strcat
                0x00000000c0001918                strchrs
 .text          0x00000000c0001985       0xb1 build/debug.o
                0x00000000c0001985                panic_spin
 .text          0x00000000c0001a36      0x3bb build/interrupt.o
                0x00000000c0001d1a                int_init
                0x00000000c0001d65                Int_Enable
                0x00000000c0001d8b                Int_Disable
                0x00000000c0001db0                Int_Set_State
                0x00000000c0001dce                Int_Get_State
 *fill*         0x00000000c0001df1        0xf 
 .text          0x00000000c0001e00      0x4be build/s_interrupt.o
 *fill*         0x00000000c00022be        0x2 
 .text          0x00000000c00022c0      0x148 build/print.o
                0x00000000c00022c0                s_putchar
                0x00000000c000238d                s_putstr
                0x00000000c00023ab                s_putnum
 *(.gnu.warning)

.fini
 *(SORT_NONE(.fini))
                [!provide]                        PROVIDE (__etext = .)
                [!provide]                        PROVIDE (_etext = .)
                [!provide]                        PROVIDE (etext = .)

.rodata         0x00000000c0002408      0x38d
 *(.rodata .rodata.* .gnu.linkonce.r.*)
 .rodata        0x00000000c0002408        0xc build/main.o
 .rodata        0x00000000c0002414       0x13 build/init.o
 .rodata        0x00000000c0002427       0xe3 build/string.o
 .rodata        0x00000000c000250a       0x47 build/debug.o
 *fill*         0x00000000c0002551        0x3 
 .rodata        0x00000000c0002554      0x241 build/interrupt.o

.rodata1
 *(.rodata1)

.eh_frame_hdr
 *(.eh_frame_hdr)
 *(.eh_frame_entry .eh_frame_entry.*)

.eh_frame
 *(.eh_frame)
 *(.eh_frame.*)

.gcc_except_table
 *(.gcc_except_table .gcc_except_table.*)

.gnu_extab
 *(.gnu_extab*)

.exception_ranges
 *(.exception_ranges .exception_ranges*)
                0x00000000c0003795                . = DATA_SEGMENT_ALIGN (CONSTANT (MAXPAGESIZE), CONSTANT (COMMONPAGESIZE))

.eh_frame
 *(.eh_frame)
 *(.eh_frame.*)

.gnu_extab
 *(.gnu_extab)

.gcc_except_table
 *(.gcc_except_table .gcc_except_table.*)

.exception_ranges
 *(.exception_ranges .exception_ranges*)

.tdata
 *(.tdata .tdata.* .gnu.linkonce.td.*)

.tbss
 *(.tbss .tbss.* .gnu.linkonce.tb.*)
 *(.tcommon)

.preinit_array  0x00000000c0003795        0x0
                [!provide]                        PROVIDE (__preinit_array_start = .)
 *(.preinit_array)
                [!provide]                        PROVIDE (__preinit_array_end = .)

.init_array     0x00000000c0003795        0x0
                [!provide]                        PROVIDE (__init_array_start = .)
 *(SORT_BY_INIT_PRIORITY(.init_array.*) SORT_BY_INIT_PRIORITY(.ctors.*))
 *(.init_array EXCLUDE_FILE(*crtend?.o *crtend.o *crtbegin?.o *crtbegin.o) .ctors)
                [!provide]                        PROVIDE (__init_array_end = .)

.fini_array     0x00000000c0003795        0x0
                [!provide]                        PROVIDE (__fini_array_start = .)
 *(SORT_BY_INIT_PRIORITY(.fini_array.*) SORT_BY_INIT_PRIORITY(.dtors.*))
 *(.fini_array EXCLUDE_FILE(*crtend?.o *crtend.o *crtbegin?.o *crtbegin.o) .dtors)
                [!provide]                        PROVIDE (__fini_array_end = .)

.ctors
 *crtbegin.o(.ctors)
 *crtbegin?.o(.ctors)
 *(EXCLUDE_FILE(*crtend?.o *crtend.o) .ctors)
 *(SORT_BY_NAME(.ctors.*))
 *(.ctors)

.dtors
 *crtbegin.o(.dtors)
 *crtbegin?.o(.dtors)
 *(EXCLUDE_FILE(*crtend?.o *crtend.o) .dtors)
 *(SORT_BY_NAME(.dtors.*))
 *(.dtors)

.jcr
 *(.jcr)

.data.rel.ro
 *(.data.rel.ro.local* .gnu.linkonce.d.rel.ro.local.*)
 *(.data.rel.ro .data.rel.ro.* .gnu.linkonce.d.rel.ro.*)

.dynamic
 *(.dynamic)

.got            0x00000000c0003798        0x0
 *(.got)
 .got           0x00000000c0003798        0x0 build/main.o
 *(.igot)
                0x00000000c0003798                . = DATA_SEGMENT_RELRO_END (., (SIZEOF (.got.plt) >= 0xc)?0xc:0x0)

.got.plt        0x00000000c0003798        0x0
 *(.got.plt)
 .got.plt       0x00000000c0003798        0x0 build/main.o
 *(.igot.plt)
 .igot.plt      0x00000000c0003798        0x0 build/main.o

.data           0x00000000c0003798       0xa0
 *(.data .data.* .gnu.linkonce.d.*)
 .data          0x00000000c0003798        0x0 build/main.o
 .data          0x00000000c0003798        0x0 build/init.o
 .data          0x00000000c0003798        0x0 build/string.o
 .data          0x00000000c0003798        0x0 build/debug.o
 .data          0x00000000c0003798        0x0 build/interrupt.o
 .data          0x00000000c0003798       0x97 build/s_interrupt.o
                0x00000000c00037ab                int_entry_table
 *fill*         0x00000000c000382f        0x1 
 .data          0x00000000c0003830        0x8 build/print.o

.data1
 *(.data1)
                0x00000000c0003838                _edata = .
                [!provide]                        PROVIDE (edata = .)
                0x00000000c0003838                . = .
                0x00000000c0003838                __bss_start = .

.bss            0x00000000c0003840      0x244
 *(.dynbss)
 *(.bss .bss.* .gnu.linkonce.b.*)
 .bss           0x00000000c0003840        0x0 build/main.o
 .bss           0x00000000c0003840        0x0 build/init.o
 .bss           0x00000000c0003840        0x0 build/string.o
 .bss           0x00000000c0003840        0x0 build/debug.o
 .bss           0x00000000c0003840      0x108 build/interrupt.o
 *(COMMON)
 *fill*         0x00000000c0003948       0x18 
 COMMON         0x00000000c0003960      0x124 build/interrupt.o
                0x00000000c0003960                Int_callback_table
                0x00000000c0003a00                IntAbnormal_name
                0x00000000c0003a84                . = ALIGN ((. != 0x0)?0x4:0x1)
                0x00000000c0003a84                . = ALIGN (0x4)
                0x00000000c0003a84                . = SEGMENT_START ("ldata-segment", .)
                0x00000000c0003a84                . = ALIGN (0x4)
                0x00000000c0003a84                _end = .
                [!provide]                        PROVIDE (end = .)
                0x00000000c0003a84                . = DATA_SEGMENT_END (.)

.stab
 *(.stab)

.stabstr
 *(.stabstr)

.stab.excl
 *(.stab.excl)

.stab.exclstr
 *(.stab.exclstr)

.stab.index
 *(.stab.index)

.stab.indexstr
 *(.stab.indexstr)

.comment        0x0000000000000000       0x2a
 *(.comment)
 .comment       0x0000000000000000       0x2a build/main.o
                                         0x2b (size before relaxing)
 .comment       0x000000000000002a       0x2b build/init.o
 .comment       0x000000000000002a       0x2b build/string.o
 .comment       0x000000000000002a       0x2b build/debug.o
 .comment       0x000000000000002a       0x2b build/interrupt.o

.debug
 *(.debug)

.line
 *(.line)

.debug_srcinfo
 *(.debug_srcinfo)

.debug_sfnames
 *(.debug_sfnames)

.debug_aranges
 *(.debug_aranges)

.debug_pubnames
 *(.debug_pubnames)

.debug_info
 *(.debug_info .gnu.linkonce.wi.*)

.debug_abbrev
 *(.debug_abbrev)

.debug_line
 *(.debug_line .debug_line.* .debug_line_end)

.debug_frame
 *(.debug_frame)

.debug_str
 *(.debug_str)

.debug_loc
 *(.debug_loc)

.debug_macinfo
 *(.debug_macinfo)

.debug_weaknames
 *(.debug_weaknames)

.debug_funcnames
 *(.debug_funcnames)

.debug_typenames
 *(.debug_typenames)

.debug_varnames
 *(.debug_varnames)

.debug_pubtypes
 *(.debug_pubtypes)

.debug_ranges
 *(.debug_ranges)

.debug_macro
 *(.debug_macro)

.debug_addr
 *(.debug_addr)

.gnu.attributes
 *(.gnu.attributes)

/DISCARD/
 *(.note.GNU-stack)
 *(.gnu_debuglink)
 *(.gnu.lto_*)
OUTPUT(build/kernel.bin elf32-i386)
